// Jest Snapshot v1, https://goo.gl/fbAQLP

exports[`Test GenericTable Full Snapshot test 1`] = `
<div>
  <div
    class="MuiBox-root css-nd92od"
  >
    <div
      class="MuiPaper-root MuiPaper-elevation MuiPaper-rounded MuiPaper-elevation1 MuiTableContainer-root css-11xur9t-MuiPaper-root-MuiTableContainer-root"
      data-test="test-table"
      data-testid="test-table"
    >
      <table
        aria-label="table"
        class="MuiTable-root css-rqglhn-MuiTable-root"
      />
    </div>
  </div>
</div>
`;
